
                                                                                          Monday, 28 September, 2026 12:40:00 AM   3

                                                        max_name_      missing_
                                                            bytes        income
                                                     --------------------------
                                                               30            15


                                              00_load_raw v2: planted names as stored     Monday, 28 September, 2026 12:40:00 AM   4

                                  customer_
                                      id       customer_name                     city

                                       8       Marie-Ève Beauchemin-Laflamme    Saint-Jérôme  
                                      43       Émilie Tremblay                  Châteauguay    
                                      44       François Bélanger               Rivière-du-Loup
                                      45       Chloé Gagnon                     Gatineau        
